2024/04/02 15:53:24 [I] [root.go:139] start frpc service for config file [./frpc.toml]
2024/04/02 15:53:24 [W] [service.go:131] login to server failed: dial tcp 43.143.140.169:7001: connect: connection refused
2024/04/02 15:53:24 [I] [root.go:154] frpc service for config file [./frpc.toml] stopped
2024/04/02 15:54:41 [I] [root.go:139] start frpc service for config file [./frpc.toml]
2024/04/02 15:54:41 [I] [service.go:299] [cb64908c8fa77458] login to server success, get run id [cb64908c8fa77458]
2024/04/02 15:54:41 [I] [proxy_manager.go:156] [cb64908c8fa77458] proxy added: [ssh1]
2024/04/02 15:54:41 [I] [control.go:173] [cb64908c8fa77458] [ssh1] start proxy success
2024/04/02 15:56:36 [I] [root.go:139] start frpc service for config file [./frpc.toml]
2024/04/02 15:56:36 [I] [service.go:299] [b4ebda0abdd43ef4] login to server success, get run id [b4ebda0abdd43ef4]
2024/04/02 15:56:36 [I] [proxy_manager.go:156] [b4ebda0abdd43ef4] proxy added: [ssh1]
2024/04/02 15:56:36 [I] [control.go:173] [b4ebda0abdd43ef4] [ssh1] start proxy success
2024/04/03 09:31:23 [I] [root.go:139] start frpc service for config file [./frpc.toml]
2024/04/03 09:31:24 [I] [service.go:299] [c7cf7021637a5ff7] login to server success, get run id [c7cf7021637a5ff7]
2024/04/03 09:31:24 [I] [proxy_manager.go:156] [c7cf7021637a5ff7] proxy added: [ssh1]
2024/04/03 09:31:24 [I] [control.go:173] [c7cf7021637a5ff7] [ssh1] start proxy success
2024/04/03 09:31:49 [I] [root.go:139] start frpc service for config file [./frpc.toml]
2024/04/03 09:31:49 [I] [service.go:299] [69391d6b10ae9aac] login to server success, get run id [69391d6b10ae9aac]
2024/04/03 09:31:49 [I] [proxy_manager.go:156] [69391d6b10ae9aac] proxy added: [ssh1]
2024/04/03 09:31:49 [I] [control.go:173] [69391d6b10ae9aac] [ssh1] start proxy success
2024/04/03 11:11:05 [I] [root.go:139] start frpc service for config file [./frpc.toml]
2024/04/03 11:11:05 [I] [service.go:299] [eadfca8bf5fccc31] login to server success, get run id [eadfca8bf5fccc31]
2024/04/03 11:11:05 [I] [proxy_manager.go:156] [eadfca8bf5fccc31] proxy added: [ssh1]
2024/04/03 11:11:05 [I] [control.go:173] [eadfca8bf5fccc31] [ssh1] start proxy success
2024/04/03 11:11:31 [I] [root.go:139] start frpc service for config file [./frpc.toml]
2024/04/03 11:11:31 [I] [service.go:299] [f0f0c06de47a801d] login to server success, get run id [f0f0c06de47a801d]
2024/04/03 11:11:31 [I] [proxy_manager.go:156] [f0f0c06de47a801d] proxy added: [ssh1]
2024/04/03 11:11:31 [I] [control.go:173] [f0f0c06de47a801d] [ssh1] start proxy success
2024/04/03 12:53:17 [I] [root.go:139] start frpc service for config file [./frpc.toml]
2024/04/03 12:53:27 [W] [service.go:131] login to server failed: dial tcp 43.143.140.169:7001: i/o timeout
2024/04/03 12:53:27 [I] [root.go:154] frpc service for config file [./frpc.toml] stopped
2024/04/03 12:54:19 [I] [root.go:139] start frpc service for config file [./frpc.toml]
2024/04/03 12:54:29 [W] [service.go:131] login to server failed: dial tcp 43.143.140.169:7001: i/o timeout
2024/04/03 12:54:29 [I] [root.go:154] frpc service for config file [./frpc.toml] stopped
2024/04/03 12:55:45 [I] [root.go:139] start frpc service for config file [./frpc.toml]
2024/04/03 12:55:55 [W] [service.go:131] login to server failed: dial tcp 43.143.140.169:7001: i/o timeout
2024/04/03 12:55:55 [I] [root.go:154] frpc service for config file [./frpc.toml] stopped
2024/04/03 14:46:48 [I] [root.go:139] start frpc service for config file [./frpc.toml]
2024/04/03 14:46:48 [I] [service.go:299] [0fc12f9643071bc3] login to server success, get run id [0fc12f9643071bc3]
2024/04/03 14:46:48 [I] [proxy_manager.go:156] [0fc12f9643071bc3] proxy added: [ssh1]
2024/04/03 14:46:48 [I] [control.go:173] [0fc12f9643071bc3] [ssh1] start proxy success
